// Jest Snapshot v1, https://goo.gl/fbAQLP

exports[`The AddCard screen should match the snapshot 1`] = `
<section
  class="sc-bdfBwQ kGwPjd"
  data-testid="addCardScreen"
>
  <input
    class="sc-gsTCUz eXjfze"
    data-testid="titleInput"
    value="title"
  />
  <input
    class="sc-gsTCUz eXjfze"
    data-testid="descriptionInput"
    value="description"
  />
  <input
    class="sc-gsTCUz eXjfze"
    data-testid="commentsInput"
    value="comments"
  />
  <section
    class="sc-dlfnbm cyDqmn"
  >
    <button
      class="sc-hKgILt iyjSvv"
      data-testid="submitCardButton"
    >
      Submit
    </button>
    <button
      class="sc-hKgILt iyjSvv"
      data-testid="closeCardButton"
    >
      Close
    </button>
  </section>
</section>
`;
