// Jest Snapshot v1, https://goo.gl/fbAQLP

exports[`The App comonent should match the snapshot 1`] = `
<div>
  <section
    class="sc-pFZIQ hLaaHj"
  >
    <button
      class="sc-kEjbxe jAugHf"
      data-testid="addCardButton"
    >
      Click to add card
    </button>
    <section
      class="sc-jrAGrp jbfmIi"
    >
      <section
        class="sc-eCssSg foUHDZ"
      >
        <h1
          class="sc-jSgupP dhcVWK"
        >
          To Do
        </h1>
        <section
          class="sc-bdfBwQ bCQgUO"
        >
          <h2
            class="sc-gsTCUz gzfVJk"
          >
            mock task title
          </h2>
          <p
            class="sc-dlfnbm bglaea"
          >
            A mock description
          </p>
          <p
            class="sc-hKgILt fLjEpC"
          >
            comment 1
          </p>
          <p
            class="sc-hKgILt fLjEpC"
          >
            comment 2
          </p>
        </section>
      </section>
      <section
        class="sc-eCssSg foUHDZ"
      >
        <h1
          class="sc-jSgupP dhcVWK"
        >
          In Progress
        </h1>
        <section
          class="sc-bdfBwQ bCQgUO"
        >
          <h2
            class="sc-gsTCUz gzfVJk"
          >
            mock task title
          </h2>
          <p
            class="sc-dlfnbm bglaea"
          >
            A mock description
          </p>
          <p
            class="sc-hKgILt fLjEpC"
          >
            comment 1
          </p>
          <p
            class="sc-hKgILt fLjEpC"
          >
            comment 2
          </p>
        </section>
      </section>
      <section
        class="sc-eCssSg foUHDZ"
      >
        <h1
          class="sc-jSgupP dhcVWK"
        >
          QA
        </h1>
        <section
          class="sc-bdfBwQ bCQgUO"
        >
          <h2
            class="sc-gsTCUz gzfVJk"
          >
            mock task title
          </h2>
          <p
            class="sc-dlfnbm bglaea"
          >
            A mock description
          </p>
          <p
            class="sc-hKgILt fLjEpC"
          >
            comment 1
          </p>
          <p
            class="sc-hKgILt fLjEpC"
          >
            comment 2
          </p>
        </section>
      </section>
      <section
        class="sc-eCssSg foUHDZ"
      >
        <h1
          class="sc-jSgupP dhcVWK"
        >
          Done
        </h1>
        <section
          class="sc-bdfBwQ bCQgUO"
        >
          <h2
            class="sc-gsTCUz gzfVJk"
          >
            mock task title
          </h2>
          <p
            class="sc-dlfnbm bglaea"
          >
            A mock description
          </p>
          <p
            class="sc-hKgILt fLjEpC"
          >
            comment 1
          </p>
          <p
            class="sc-hKgILt fLjEpC"
          >
            comment 2
          </p>
        </section>
      </section>
    </section>
  </section>
</div>
`;
